<?xml version='1.0' encoding='UTF-8'?>
<caom2:Observation xmlns:caom2="http://www.opencadc.org/caom2/xml/v2.4" xmlns:xsi="http://www.w3.org/2001/XMLSchema-instance" xsi:type="caom2:DerivedObservation" caom2:id="a547b2c4-a081-4adc-ad62-83cea714b42b">
  <caom2:collection>LOTSS</caom2:collection>
  <caom2:observationID>P002+18_dr2</caom2:observationID>
  <caom2:algorithm>
    <caom2:name>mosaic</caom2:name>
  </caom2:algorithm>
  <caom2:type>OBJECT</caom2:type>
  <caom2:intent>science</caom2:intent>
  <caom2:proposal>
    <caom2:id>LoTSS</caom2:id>
    <caom2:pi>T.W. Shimwell</caom2:pi>
    <caom2:title>LOFAR Two-metre Sky Survey</caom2:title>
    <caom2:keywords>
      <caom2:keyword>catalogs</caom2:keyword>
      <caom2:keyword>radio continuum: general</caom2:keyword>
      <caom2:keyword>surveys</caom2:keyword>
      <caom2:keyword>techniques: image processing</caom2:keyword>
    </caom2:keywords>
  </caom2:proposal>
  <caom2:target>
    <caom2:name>P002+18</caom2:name>
    <caom2:type>field</caom2:type>
  </caom2:target>
  <caom2:telescope>
    <caom2:name>LOFAR</caom2:name>
    <caom2:geoLocationX>3826577.461999999</caom2:geoLocationX>
    <caom2:geoLocationY>461022.6239999999</caom2:geoLocationY>
    <caom2:geoLocationZ>5064892.525999999</caom2:geoLocationZ>
  </caom2:telescope>
  <caom2:instrument>
    <caom2:name>LOFAR.HBA</caom2:name>
  </caom2:instrument>
  <caom2:planes>
    <caom2:plane caom2:id="2144d782-87e0-4e3a-80b7-d535228f4cdd">
      <caom2:productID>P002+18_mosaic</caom2:productID>
      <caom2:metaRelease>2021-08-25T00:00:00.000</caom2:metaRelease>
      <caom2:dataRelease>2021-08-25T00:00:00.000</caom2:dataRelease>
      <caom2:dataProductType>image</caom2:dataProductType>
      <caom2:calibrationLevel>4</caom2:calibrationLevel>
      <caom2:provenance>
        <caom2:name>ddf-pipeline</caom2:name>
        <caom2:version>v2.2-197-g35e195d</caom2:version>
        <caom2:project>LoTSS DR2</caom2:project>
        <caom2:producer>ASTRON</caom2:producer>
        <caom2:runID>21.12136/4d6cb08b-6897-4cc9-b6b1-456690e0a141</caom2:runID>
        <caom2:reference>https://vo.astron.nl/lotss_dr2/q/dlmosaic/dlmeta?ID=ivo%3A//astron.nl/%7E%3FLoTSS-DR2/P002%2B18</caom2:reference>
        <caom2:keywords>
          <caom2:keyword>fluxes valid</caom2:keyword>
        </caom2:keywords>
      </caom2:provenance>
      <caom2:artifacts>
        <caom2:artifact caom2:id="80550e33-3091-4fe2-b4c8-0151fa5b1934">
          <caom2:uri>astron:LOTSS/P002+18/mosaic-blanked.fits</caom2:uri>
          <caom2:productType>science</caom2:productType>
          <caom2:releaseType>data</caom2:releaseType>
          <caom2:contentType>application/fits</caom2:contentType>
          <caom2:contentLength>833955840</caom2:contentLength>
          <caom2:parts>
            <caom2:part caom2:id="1de9ecfe-6eaf-45f0-bd9c-be6668521717">
              <caom2:name>0</caom2:name>
              <caom2:chunks>
                <caom2:chunk caom2:id="d27061cf-4995-4437-a026-74257bf7b902">
                  <caom2:naxis>2</caom2:naxis>
                  <caom2:positionAxis1>1</caom2:positionAxis1>
                  <caom2:positionAxis2>2</caom2:positionAxis2>
                  <caom2:position>
                    <caom2:axis>
                      <caom2:axis1>
                        <caom2:ctype>RA---SIN</caom2:ctype>
                        <caom2:cunit>deg</caom2:cunit>
                      </caom2:axis1>
                      <caom2:axis2>
                        <caom2:ctype>DEC--SIN</caom2:ctype>
                        <caom2:cunit>deg</caom2:cunit>
                      </caom2:axis2>
                      <caom2:bounds>
                        <caom2:circle>
                          <caom2:center>
                            <caom2:coord1>2.1779</caom2:coord1>
                            <caom2:coord2>18.3938</caom2:coord2>
                          </caom2:center>
                          <caom2:radius>2.1270833333332995</caom2:radius>
                        </caom2:circle>
                      </caom2:bounds>
                      <caom2:function>
                        <caom2:dimension>
                          <caom2:naxis1>10210</caom2:naxis1>
                          <caom2:naxis2>10210</caom2:naxis2>
                        </caom2:dimension>
                        <caom2:refCoord>
                          <caom2:coord1>
                            <caom2:pix>5105.0</caom2:pix>
                            <caom2:val>2.1779</caom2:val>
                          </caom2:coord1>
                          <caom2:coord2>
                            <caom2:pix>5105.0</caom2:pix>
                            <caom2:val>18.3938</caom2:val>
                          </caom2:coord2>
                        </caom2:refCoord>
                        <caom2:cd11>-0.00041666699689812</caom2:cd11>
                        <caom2:cd12>0.0</caom2:cd12>
                        <caom2:cd21>0.0</caom2:cd21>
                        <caom2:cd22>0.000416666996898129</caom2:cd22>
                      </caom2:function>
                    </caom2:axis>
                    <caom2:coordsys>ICRS</caom2:coordsys>
                    <caom2:equinox>2000.0</caom2:equinox>
                    <caom2:resolution>0.001666</caom2:resolution>
                  </caom2:position>
                  <caom2:energy>
                    <caom2:axis>
                      <caom2:axis>
                        <caom2:ctype>WAVE</caom2:ctype>
                        <caom2:cunit>m</caom2:cunit>
                      </caom2:axis>
                      <caom2:range>
                        <caom2:start>
                          <caom2:pix>0.5</caom2:pix>
                          <caom2:val>2.49827</caom2:val>
                        </caom2:start>
                        <caom2:end>
                          <caom2:pix>1.5</caom2:pix>
                          <caom2:val>1.78448</caom2:val>
                        </caom2:end>
                      </caom2:range>
                    </caom2:axis>
                    <caom2:specsys>TOPOCENT</caom2:specsys>
                    <caom2:restfrq>143650000.0</caom2:restfrq>
                    <caom2:bandpassName>120-168MHz</caom2:bandpassName>
                  </caom2:energy>
                </caom2:chunk>
              </caom2:chunks>
            </caom2:part>
          </caom2:parts>
        </caom2:artifact>
        <caom2:artifact caom2:id="e35cdac0-a213-4151-80da-1bac65f9d067">
          <caom2:uri>astron:LOTSS/P002+18/mosaic-weights.fits</caom2:uri>
          <caom2:productType>weight</caom2:productType>
          <caom2:releaseType>data</caom2:releaseType>
          <caom2:parts>
            <caom2:part caom2:id="442ec827-b321-494d-b03d-37f7f4a0a4c8">
              <caom2:name>0</caom2:name>
              <caom2:chunks>
                <caom2:chunk caom2:id="5f176789-3da8-42ae-af3c-dd806adee1fc">
                  <caom2:naxis>2</caom2:naxis>
                  <caom2:positionAxis1>1</caom2:positionAxis1>
                  <caom2:positionAxis2>2</caom2:positionAxis2>
                  <caom2:position>
                    <caom2:axis>
                      <caom2:axis1>
                        <caom2:ctype>RA---SIN</caom2:ctype>
                        <caom2:cunit>deg</caom2:cunit>
                      </caom2:axis1>
                      <caom2:axis2>
                        <caom2:ctype>DEC--SIN</caom2:ctype>
                        <caom2:cunit>deg</caom2:cunit>
                      </caom2:axis2>
                      <caom2:bounds>
                        <caom2:circle>
                          <caom2:center>
                            <caom2:coord1>2.1779</caom2:coord1>
                            <caom2:coord2>18.3938</caom2:coord2>
                          </caom2:center>
                          <caom2:radius>2.1270833333332995</caom2:radius>
                        </caom2:circle>
                      </caom2:bounds>
                      <caom2:function>
                        <caom2:dimension>
                          <caom2:naxis1>10210</caom2:naxis1>
                          <caom2:naxis2>10210</caom2:naxis2>
                        </caom2:dimension>
                        <caom2:refCoord>
                          <caom2:coord1>
                            <caom2:pix>5105.0</caom2:pix>
                            <caom2:val>2.1779</caom2:val>
                          </caom2:coord1>
                          <caom2:coord2>
                            <caom2:pix>5105.0</caom2:pix>
                            <caom2:val>18.3938</caom2:val>
                          </caom2:coord2>
                        </caom2:refCoord>
                        <caom2:cd11>-0.00041666666666666</caom2:cd11>
                        <caom2:cd12>0.0</caom2:cd12>
                        <caom2:cd21>0.0</caom2:cd21>
                        <caom2:cd22>0.000416666666666666</caom2:cd22>
                      </caom2:function>
                    </caom2:axis>
                    <caom2:coordsys>ICRS</caom2:coordsys>
                    <caom2:equinox>2000.0</caom2:equinox>
                    <caom2:resolution>0.001666</caom2:resolution>
                  </caom2:position>
                </caom2:chunk>
              </caom2:chunks>
            </caom2:part>
          </caom2:parts>
        </caom2:artifact>
        <caom2:artifact caom2:id="d20d8253-e763-4771-b7d5-2b77e3bf8e04">
          <caom2:uri>astron:LOTSS/P002+18/mosaic-rms.fits</caom2:uri>
          <caom2:productType>noise</caom2:productType>
          <caom2:releaseType>data</caom2:releaseType>
          <caom2:parts>
            <caom2:part caom2:id="585db87f-4f7c-416d-9e80-ebe4343b57c9">
              <caom2:name>0</caom2:name>
              <caom2:chunks>
                <caom2:chunk caom2:id="3c4e5d96-31bf-4aa6-88bf-9b41598bff5b">
                  <caom2:naxis>3</caom2:naxis>
                  <caom2:positionAxis1>1</caom2:positionAxis1>
                  <caom2:positionAxis2>2</caom2:positionAxis2>
                  <caom2:polarizationAxis>3</caom2:polarizationAxis>
                  <caom2:position>
                    <caom2:axis>
                      <caom2:axis1>
                        <caom2:ctype>RA---SIN</caom2:ctype>
                        <caom2:cunit>deg</caom2:cunit>
                      </caom2:axis1>
                      <caom2:axis2>
                        <caom2:ctype>DEC--SIN</caom2:ctype>
                        <caom2:cunit>deg</caom2:cunit>
                      </caom2:axis2>
                      <caom2:bounds>
                        <caom2:circle>
                          <caom2:center>
                            <caom2:coord1>2.1779</caom2:coord1>
                            <caom2:coord2>18.3938</caom2:coord2>
                          </caom2:center>
                          <caom2:radius>2.1270833333332995</caom2:radius>
                        </caom2:circle>
                      </caom2:bounds>
                      <caom2:function>
                        <caom2:dimension>
                          <caom2:naxis1>10210</caom2:naxis1>
                          <caom2:naxis2>10210</caom2:naxis2>
                        </caom2:dimension>
                        <caom2:refCoord>
                          <caom2:coord1>
                            <caom2:pix>5105.0</caom2:pix>
                            <caom2:val>2.1779</caom2:val>
                          </caom2:coord1>
                          <caom2:coord2>
                            <caom2:pix>5105.0</caom2:pix>
                            <caom2:val>18.3938</caom2:val>
                          </caom2:coord2>
                        </caom2:refCoord>
                        <caom2:cd11>-0.00041666666666666</caom2:cd11>
                        <caom2:cd12>0.0</caom2:cd12>
                        <caom2:cd21>0.0</caom2:cd21>
                        <caom2:cd22>0.000416666666666666</caom2:cd22>
                      </caom2:function>
                    </caom2:axis>
                    <caom2:coordsys>ICRS</caom2:coordsys>
                    <caom2:equinox>2000.0</caom2:equinox>
                    <caom2:resolution>0.001666</caom2:resolution>
                  </caom2:position>
                  <caom2:polarization>
                    <caom2:axis>
                      <caom2:axis>
                        <caom2:ctype>STOKES</caom2:ctype>
                      </caom2:axis>
                      <caom2:function>
                        <caom2:naxis>1</caom2:naxis>
                        <caom2:delta>1.0</caom2:delta>
                        <caom2:refCoord>
                          <caom2:pix>1.0</caom2:pix>
                          <caom2:val>1.0</caom2:val>
                        </caom2:refCoord>
                      </caom2:function>
                    </caom2:axis>
                  </caom2:polarization>
                </caom2:chunk>
              </caom2:chunks>
            </caom2:part>
          </caom2:parts>
        </caom2:artifact>
        <caom2:artifact caom2:id="dd2352ef-872e-4461-8e2c-8b343ca02307">
          <caom2:uri>astron:LOTSS/P002+18/mosaic.pybdsmmask.fits</caom2:uri>
          <caom2:productType>auxiliary</caom2:productType>
          <caom2:releaseType>data</caom2:releaseType>
          <caom2:parts>
            <caom2:part caom2:id="542f27aa-0e2f-4327-b066-e7fe6ad8b8b8">
              <caom2:name>0</caom2:name>
              <caom2:chunks>
                <caom2:chunk caom2:id="18818b0f-543a-426b-921a-1653483d1a2f">
                  <caom2:naxis>3</caom2:naxis>
                  <caom2:positionAxis1>1</caom2:positionAxis1>
                  <caom2:positionAxis2>2</caom2:positionAxis2>
                  <caom2:polarizationAxis>3</caom2:polarizationAxis>
                  <caom2:position>
                    <caom2:axis>
                      <caom2:axis1>
                        <caom2:ctype>RA---SIN</caom2:ctype>
                        <caom2:cunit>deg</caom2:cunit>
                      </caom2:axis1>
                      <caom2:axis2>
                        <caom2:ctype>DEC--SIN</caom2:ctype>
                        <caom2:cunit>deg</caom2:cunit>
                      </caom2:axis2>
                      <caom2:bounds>
                        <caom2:circle>
                          <caom2:center>
                            <caom2:coord1>2.1779</caom2:coord1>
                            <caom2:coord2>18.3938</caom2:coord2>
                          </caom2:center>
                          <caom2:radius>2.1270833333332995</caom2:radius>
                        </caom2:circle>
                      </caom2:bounds>
                      <caom2:function>
                        <caom2:dimension>
                          <caom2:naxis1>10210</caom2:naxis1>
                          <caom2:naxis2>10210</caom2:naxis2>
                        </caom2:dimension>
                        <caom2:refCoord>
                          <caom2:coord1>
                            <caom2:pix>5105.0</caom2:pix>
                            <caom2:val>2.1779</caom2:val>
                          </caom2:coord1>
                          <caom2:coord2>
                            <caom2:pix>5105.0</caom2:pix>
                            <caom2:val>18.3938</caom2:val>
                          </caom2:coord2>
                        </caom2:refCoord>
                        <caom2:cd11>-0.00041666666666666</caom2:cd11>
                        <caom2:cd12>0.0</caom2:cd12>
                        <caom2:cd21>0.0</caom2:cd21>
                        <caom2:cd22>0.000416666666666666</caom2:cd22>
                      </caom2:function>
                    </caom2:axis>
                    <caom2:coordsys>ICRS</caom2:coordsys>
                    <caom2:equinox>2000.0</caom2:equinox>
                    <caom2:resolution>0.001666</caom2:resolution>
                  </caom2:position>
                  <caom2:polarization>
                    <caom2:axis>
                      <caom2:axis>
                        <caom2:ctype>STOKES</caom2:ctype>
                      </caom2:axis>
                      <caom2:function>
                        <caom2:naxis>1</caom2:naxis>
                        <caom2:delta>1.0</caom2:delta>
                        <caom2:refCoord>
                          <caom2:pix>1.0</caom2:pix>
                          <caom2:val>1.0</caom2:val>
                        </caom2:refCoord>
                      </caom2:function>
                    </caom2:axis>
                  </caom2:polarization>
                </caom2:chunk>
              </caom2:chunks>
            </caom2:part>
          </caom2:parts>
        </caom2:artifact>
        <caom2:artifact caom2:id="35789700-baae-4491-8f28-5f753dac260b">
          <caom2:uri>astron:LOTSS/P002+18/mosaic.resid.fits</caom2:uri>
          <caom2:productType>auxiliary</caom2:productType>
          <caom2:releaseType>data</caom2:releaseType>
          <caom2:parts>
            <caom2:part caom2:id="f1e0c26b-2817-45a2-8573-f81fccceec24">
              <caom2:name>0</caom2:name>
              <caom2:chunks>
                <caom2:chunk caom2:id="4ee5af94-b996-44d0-a908-d71ca30064a2">
                  <caom2:naxis>3</caom2:naxis>
                  <caom2:positionAxis1>1</caom2:positionAxis1>
                  <caom2:positionAxis2>2</caom2:positionAxis2>
                  <caom2:polarizationAxis>3</caom2:polarizationAxis>
                  <caom2:position>
                    <caom2:axis>
                      <caom2:axis1>
                        <caom2:ctype>RA---SIN</caom2:ctype>
                        <caom2:cunit>deg</caom2:cunit>
                      </caom2:axis1>
                      <caom2:axis2>
                        <caom2:ctype>DEC--SIN</caom2:ctype>
                        <caom2:cunit>deg</caom2:cunit>
                      </caom2:axis2>
                      <caom2:bounds>
                        <caom2:circle>
                          <caom2:center>
                            <caom2:coord1>2.1779</caom2:coord1>
                            <caom2:coord2>18.3938</caom2:coord2>
                          </caom2:center>
                          <caom2:radius>2.1270833333332995</caom2:radius>
                        </caom2:circle>
                      </caom2:bounds>
                      <caom2:function>
                        <caom2:dimension>
                          <caom2:naxis1>10210</caom2:naxis1>
                          <caom2:naxis2>10210</caom2:naxis2>
                        </caom2:dimension>
                        <caom2:refCoord>
                          <caom2:coord1>
                            <caom2:pix>5105.0</caom2:pix>
                            <caom2:val>2.1779</caom2:val>
                          </caom2:coord1>
                          <caom2:coord2>
                            <caom2:pix>5105.0</caom2:pix>
                            <caom2:val>18.3938</caom2:val>
                          </caom2:coord2>
                        </caom2:refCoord>
                        <caom2:cd11>-0.00041666666666666</caom2:cd11>
                        <caom2:cd12>0.0</caom2:cd12>
                        <caom2:cd21>0.0</caom2:cd21>
                        <caom2:cd22>0.000416666666666666</caom2:cd22>
                      </caom2:function>
                    </caom2:axis>
                    <caom2:coordsys>ICRS</caom2:coordsys>
                    <caom2:equinox>2000.0</caom2:equinox>
                    <caom2:resolution>0.001666</caom2:resolution>
                  </caom2:position>
                  <caom2:polarization>
                    <caom2:axis>
                      <caom2:axis>
                        <caom2:ctype>STOKES</caom2:ctype>
                      </caom2:axis>
                      <caom2:function>
                        <caom2:naxis>1</caom2:naxis>
                        <caom2:delta>1.0</caom2:delta>
                        <caom2:refCoord>
                          <caom2:pix>1.0</caom2:pix>
                          <caom2:val>1.0</caom2:val>
                        </caom2:refCoord>
                      </caom2:function>
                    </caom2:axis>
                  </caom2:polarization>
                </caom2:chunk>
              </caom2:chunks>
            </caom2:part>
          </caom2:parts>
        </caom2:artifact>
      </caom2:artifacts>
    </caom2:plane>
    <caom2:plane caom2:id="b5df4979-fbdc-4e00-8f8f-236ea09493e8">
      <caom2:productID>P002+18_mosaic_low</caom2:productID>
      <caom2:metaRelease>2021-08-25T00:00:00.000</caom2:metaRelease>
      <caom2:dataRelease>2021-08-25T00:00:00.000</caom2:dataRelease>
      <caom2:dataProductType>image</caom2:dataProductType>
      <caom2:calibrationLevel>4</caom2:calibrationLevel>
      <caom2:provenance>
        <caom2:name>ddf-pipeline</caom2:name>
        <caom2:version>v2.2-197-g35e195d</caom2:version>
        <caom2:project>LoTSS DR2</caom2:project>
        <caom2:producer>ASTRON</caom2:producer>
        <caom2:runID>21.12136/4d6cb08b-6897-4cc9-b6b1-456690e0a141</caom2:runID>
        <caom2:reference>https://vo.astron.nl/lotss_dr2/q/dlmosaic/dlmeta?ID=ivo%3A//astron.nl/%7E%3FLoTSS-DR2/P002%2B18</caom2:reference>
        <caom2:keywords>
          <caom2:keyword>fluxes valid</caom2:keyword>
        </caom2:keywords>
      </caom2:provenance>
      <caom2:artifacts>
        <caom2:artifact caom2:id="261d8095-8d3a-4993-a808-f435474f7dab">
          <caom2:uri>astron:LOTSS/P002+18/low-mosaic-blanked.fits</caom2:uri>
          <caom2:productType>science</caom2:productType>
          <caom2:releaseType>data</caom2:releaseType>
          <caom2:parts>
            <caom2:part caom2:id="135c89a5-f261-4ffc-b45a-154854cdf168">
              <caom2:name>0</caom2:name>
              <caom2:chunks>
                <caom2:chunk caom2:id="309ad9e3-0959-4ca4-b4e4-11ef7aef5c7c">
                  <caom2:naxis>2</caom2:naxis>
                  <caom2:positionAxis1>1</caom2:positionAxis1>
                  <caom2:positionAxis2>2</caom2:positionAxis2>
                  <caom2:position>
                    <caom2:axis>
                      <caom2:axis1>
                        <caom2:ctype>RA---SIN</caom2:ctype>
                        <caom2:cunit>deg</caom2:cunit>
                      </caom2:axis1>
                      <caom2:axis2>
                        <caom2:ctype>DEC--SIN</caom2:ctype>
                        <caom2:cunit>deg</caom2:cunit>
                      </caom2:axis2>
                      <caom2:bounds>
                        <caom2:circle>
                          <caom2:center>
                            <caom2:coord1>2.1779</caom2:coord1>
                            <caom2:coord2>18.3938</caom2:coord2>
                          </caom2:center>
                          <caom2:radius>2.12625</caom2:radius>
                        </caom2:circle>
                      </caom2:bounds>
                      <caom2:function>
                        <caom2:dimension>
                          <caom2:naxis1>3402</caom2:naxis1>
                          <caom2:naxis2>3402</caom2:naxis2>
                        </caom2:dimension>
                        <caom2:refCoord>
                          <caom2:coord1>
                            <caom2:pix>1701.0</caom2:pix>
                            <caom2:val>2.1779</caom2:val>
                          </caom2:coord1>
                          <caom2:coord2>
                            <caom2:pix>1701.0</caom2:pix>
                            <caom2:val>18.3938</caom2:val>
                          </caom2:coord2>
                        </caom2:refCoord>
                        <caom2:cd11>-0.00125</caom2:cd11>
                        <caom2:cd12>0.0</caom2:cd12>
                        <caom2:cd21>0.0</caom2:cd21>
                        <caom2:cd22>0.00125</caom2:cd22>
                      </caom2:function>
                    </caom2:axis>
                    <caom2:coordsys>ICRS</caom2:coordsys>
                    <caom2:equinox>2000.0</caom2:equinox>
                    <caom2:resolution>0.00555</caom2:resolution>
                  </caom2:position>
                  <caom2:energy>
                    <caom2:axis>
                      <caom2:axis>
                        <caom2:ctype>WAVE</caom2:ctype>
                        <caom2:cunit>m</caom2:cunit>
                      </caom2:axis>
                      <caom2:range>
                        <caom2:start>
                          <caom2:pix>0.5</caom2:pix>
                          <caom2:val>2.49827</caom2:val>
                        </caom2:start>
                        <caom2:end>
                          <caom2:pix>1.5</caom2:pix>
                          <caom2:val>1.78448</caom2:val>
                        </caom2:end>
                      </caom2:range>
                    </caom2:axis>
                    <caom2:specsys>TOPOCENT</caom2:specsys>
                    <caom2:restfrq>143650000.0</caom2:restfrq>
                    <caom2:bandpassName>120-168MHz</caom2:bandpassName>
                  </caom2:energy>
                </caom2:chunk>
              </caom2:chunks>
            </caom2:part>
          </caom2:parts>
        </caom2:artifact>
        <caom2:artifact caom2:id="da155cfe-4794-4ecc-ba56-25d208085c75">
          <caom2:uri>astron:LOTSS/P002+18/low-mosaic-weights.fits</caom2:uri>
          <caom2:productType>weight</caom2:productType>
          <caom2:releaseType>data</caom2:releaseType>
          <caom2:parts>
            <caom2:part caom2:id="16032212-a735-4117-879c-70ac7ba7ac6a">
              <caom2:name>0</caom2:name>
              <caom2:chunks>
                <caom2:chunk caom2:id="ddf616dd-7315-4e5a-822b-6e4b58375f01">
                  <caom2:naxis>2</caom2:naxis>
                  <caom2:positionAxis1>1</caom2:positionAxis1>
                  <caom2:positionAxis2>2</caom2:positionAxis2>
                  <caom2:position>
                    <caom2:axis>
                      <caom2:axis1>
                        <caom2:ctype>RA---SIN</caom2:ctype>
                        <caom2:cunit>deg</caom2:cunit>
                      </caom2:axis1>
                      <caom2:axis2>
                        <caom2:ctype>DEC--SIN</caom2:ctype>
                        <caom2:cunit>deg</caom2:cunit>
                      </caom2:axis2>
                      <caom2:bounds>
                        <caom2:circle>
                          <caom2:center>
                            <caom2:coord1>2.1779</caom2:coord1>
                            <caom2:coord2>18.3938</caom2:coord2>
                          </caom2:center>
                          <caom2:radius>2.12625</caom2:radius>
                        </caom2:circle>
                      </caom2:bounds>
                      <caom2:function>
                        <caom2:dimension>
                          <caom2:naxis1>3402</caom2:naxis1>
                          <caom2:naxis2>3402</caom2:naxis2>
                        </caom2:dimension>
                        <caom2:refCoord>
                          <caom2:coord1>
                            <caom2:pix>1701.0</caom2:pix>
                            <caom2:val>2.1779</caom2:val>
                          </caom2:coord1>
                          <caom2:coord2>
                            <caom2:pix>1701.0</caom2:pix>
                            <caom2:val>18.3938</caom2:val>
                          </caom2:coord2>
                        </caom2:refCoord>
                        <caom2:cd11>-0.00125</caom2:cd11>
                        <caom2:cd12>0.0</caom2:cd12>
                        <caom2:cd21>0.0</caom2:cd21>
                        <caom2:cd22>0.00125</caom2:cd22>
                      </caom2:function>
                    </caom2:axis>
                    <caom2:coordsys>ICRS</caom2:coordsys>
                    <caom2:equinox>2000.0</caom2:equinox>
                    <caom2:resolution>0.00555</caom2:resolution>
                  </caom2:position>
                  <caom2:energy>
                    <caom2:axis>
                      <caom2:axis>
                        <caom2:ctype>WAVE</caom2:ctype>
                        <caom2:cunit>m</caom2:cunit>
                      </caom2:axis>
                      <caom2:range>
                        <caom2:start>
                          <caom2:pix>0.5</caom2:pix>
                          <caom2:val>2.49827</caom2:val>
                        </caom2:start>
                        <caom2:end>
                          <caom2:pix>1.5</caom2:pix>
                          <caom2:val>1.78448</caom2:val>
                        </caom2:end>
                      </caom2:range>
                    </caom2:axis>
                    <caom2:specsys>TOPOCENT</caom2:specsys>
                    <caom2:restfrq>143650000.0</caom2:restfrq>
                    <caom2:bandpassName>120-168MHz</caom2:bandpassName>
                  </caom2:energy>
                </caom2:chunk>
              </caom2:chunks>
            </caom2:part>
          </caom2:parts>
        </caom2:artifact>
      </caom2:artifacts>
    </caom2:plane>
  </caom2:planes>
</caom2:Observation>
